D:\FractalDataworks\FractalDataWorks.DeveloperKit\src\FractalDataWorks.DataContainers.Abstractions\DataContainerTypeBase.cs(187,30): error CS0266: Cannot implicitly convert type 'System.Collections.Generic.IDictionary<string, object>' to 'System.Collections.Generic.IReadOnlyDictionary<string, object>'. An explicit conversion exists (are you missing a cast?) [D:\FractalDataworks\FractalDataWorks.DeveloperKit\src\FractalDataWorks.DataContainers.Abstractions\FractalDataWorks.DataContainers.Abstractions.csproj::TargetFramework=netstandard2.0]
D:\FractalDataworks\FractalDataWorks.DeveloperKit\src\FractalDataWorks.DataStores\DataStoreTypes.cs(24,39): error CS0103: The name 'All' does not exist in the current context [D:\FractalDataworks\FractalDataWorks.DeveloperKit\src\FractalDataWorks.DataStores\FractalDataWorks.DataStores.csproj::TargetFramework=net10.0]
D:\FractalDataworks\FractalDataWorks.DeveloperKit\src\FractalDataWorks.DataStores\DataStoreTypes.cs(41,39): error CS0103: The name 'All' does not exist in the current context [D:\FractalDataworks\FractalDataWorks.DeveloperKit\src\FractalDataWorks.DataStores\FractalDataWorks.DataStores.csproj::TargetFramework=net10.0]
D:\FractalDataworks\FractalDataWorks.DeveloperKit\src\FractalDataWorks.Services.Connections\ConnectionTypes.cs(25,40): error CS0103: The name 'All' does not exist in the current context [D:\FractalDataworks\FractalDataWorks.DeveloperKit\src\FractalDataWorks.Services.Connections\FractalDataWorks.Services.Connections.csproj::TargetFramework=net10.0]
D:\FractalDataworks\FractalDataWorks.DeveloperKit\src\FractalDataWorks.Services.Connections\ConnectionServiceExtensions.cs(25,56): error CS0117: 'ConnectionTypes' does not contain a definition for 'All' [D:\FractalDataworks\FractalDataWorks.DeveloperKit\src\FractalDataWorks.Services.Connections\FractalDataWorks.Services.Connections.csproj::TargetFramework=net10.0]
D:\FractalDataworks\FractalDataWorks.DeveloperKit\src\FractalDataWorks.Services.Connections\ConnectionTypes.cs(42,40): error CS0103: The name 'All' does not exist in the current context [D:\FractalDataworks\FractalDataWorks.DeveloperKit\src\FractalDataWorks.Services.Connections\FractalDataWorks.Services.Connections.csproj::TargetFramework=net10.0]
D:\FractalDataworks\FractalDataWorks.DeveloperKit\src\FractalDataWorks.Services.Connections\FdwConnectionProvider.cs(47,54): error CS1503: Argument 1: cannot convert from 'string' to 'FractalDataWorks.Services.Connections.Abstractions.IFdwConnection' [D:\FractalDataworks\FractalDataWorks.DeveloperKit\src\FractalDataWorks.Services.Connections\FractalDataWorks.Services.Connections.csproj::TargetFramework=net10.0]
D:\FractalDataworks\FractalDataWorks.DeveloperKit\src\FractalDataWorks.Services.Connections\FdwConnectionProvider.cs(56,50): error CS0117: 'ConnectionTypes' does not contain a definition for 'Name' [D:\FractalDataworks\FractalDataWorks.DeveloperKit\src\FractalDataWorks.Services.Connections\FractalDataWorks.Services.Connections.csproj::TargetFramework=net10.0]
D:\FractalDataworks\FractalDataWorks.DeveloperKit\src\FractalDataWorks.Services.Connections\FdwConnectionProvider.cs(61,21): error CS1503: Argument 1: cannot convert from 'string' to 'FractalDataWorks.Services.Connections.Abstractions.IFdwConnection' [D:\FractalDataworks\FractalDataWorks.DeveloperKit\src\FractalDataWorks.Services.Connections\FractalDataWorks.Services.Connections.csproj::TargetFramework=net10.0]
D:\FractalDataworks\FractalDataWorks.DeveloperKit\src\FractalDataWorks.Services.Connections\FdwConnectionProvider.cs(70,21): error CS1503: Argument 1: cannot convert from 'string' to 'FractalDataWorks.Services.Connections.Abstractions.IFdwConnection' [D:\FractalDataworks\FractalDataWorks.DeveloperKit\src\FractalDataWorks.Services.Connections\FractalDataWorks.Services.Connections.csproj::TargetFramework=net10.0]
D:\FractalDataworks\FractalDataWorks.DeveloperKit\src\FractalDataWorks.Services.Connections\FdwConnectionProvider.cs(82,106): error CS1503: Argument 3: cannot convert from 'bool' to 'string' [D:\FractalDataworks\FractalDataWorks.DeveloperKit\src\FractalDataWorks.Services.Connections\FractalDataWorks.Services.Connections.csproj::TargetFramework=net10.0]
D:\FractalDataworks\FractalDataWorks.DeveloperKit\src\FractalDataWorks.Services.Connections\FdwConnectionProvider.cs(90,54): error CS1503: Argument 1: cannot convert from 'string' to 'FractalDataWorks.Services.Connections.Abstractions.IFdwConnection' [D:\FractalDataworks\FractalDataWorks.DeveloperKit\src\FractalDataWorks.Services.Connections\FractalDataWorks.Services.Connections.csproj::TargetFramework=net10.0]
D:\FractalDataworks\FractalDataWorks.DeveloperKit\src\FractalDataWorks.Services.Connections\FdwConnectionProvider.cs(105,50): error CS1503: Argument 1: cannot convert from 'string' to 'FractalDataWorks.Services.Connections.Abstractions.IFdwConnection' [D:\FractalDataworks\FractalDataWorks.DeveloperKit\src\FractalDataWorks.Services.Connections\FractalDataWorks.Services.Connections.csproj::TargetFramework=net10.0]
D:\FractalDataworks\FractalDataWorks.DeveloperKit\src\FractalDataWorks.Services.Connections\FdwConnectionProvider.cs(117,54): error CS1503: Argument 1: cannot convert from 'string' to 'FractalDataWorks.Services.Connections.Abstractions.IFdwConnection' [D:\FractalDataworks\FractalDataWorks.DeveloperKit\src\FractalDataWorks.Services.Connections\FractalDataWorks.Services.Connections.csproj::TargetFramework=net10.0]
D:\FractalDataworks\FractalDataWorks.DeveloperKit\src\FractalDataWorks.Services.Connections\FdwConnectionProvider.cs(129,58): error CS1503: Argument 1: cannot convert from 'string' to 'FractalDataWorks.Services.Connections.Abstractions.IFdwConnection' [D:\FractalDataworks\FractalDataWorks.DeveloperKit\src\FractalDataWorks.Services.Connections\FractalDataWorks.Services.Connections.csproj::TargetFramework=net10.0]
D:\FractalDataworks\FractalDataWorks.DeveloperKit\src\FractalDataWorks.Services.Connections\FdwConnectionProvider.cs(137,58): error CS1503: Argument 1: cannot convert from 'string' to 'FractalDataWorks.Services.Connections.Abstractions.IFdwConnection' [D:\FractalDataworks\FractalDataWorks.DeveloperKit\src\FractalDataWorks.Services.Connections\FractalDataWorks.Services.Connections.csproj::TargetFramework=net10.0]
D:\FractalDataworks\FractalDataWorks.DeveloperKit\src\FractalDataWorks.Services.Connections\FdwConnectionProvider.cs(141,50): error CS0117: 'ConnectionTypes' does not contain a definition for 'Name' [D:\FractalDataworks\FractalDataWorks.DeveloperKit\src\FractalDataWorks.Services.Connections\FractalDataWorks.Services.Connections.csproj::TargetFramework=net10.0]
D:\FractalDataworks\FractalDataWorks.DeveloperKit\src\FractalDataWorks.Services.Connections\FdwConnectionProvider.cs(145,58): error CS1503: Argument 1: cannot convert from 'string' to 'FractalDataWorks.Services.Connections.Abstractions.IFdwConnection' [D:\FractalDataworks\FractalDataWorks.DeveloperKit\src\FractalDataWorks.Services.Connections\FractalDataWorks.Services.Connections.csproj::TargetFramework=net10.0]
D:\FractalDataworks\FractalDataWorks.DeveloperKit\src\FractalDataWorks.Services.Connections\FdwConnectionProvider.cs(149,34): error CS1061: 'IConfigurationSection' does not contain a definition for 'Get' and no accessible extension method 'Get' accepting a first argument of type 'IConfigurationSection' could be found (are you missing a using directive or an assembly reference?) [D:\FractalDataworks\FractalDataWorks.DeveloperKit\src\FractalDataWorks.Services.Connections\FractalDataWorks.Services.Connections.csproj::TargetFramework=net10.0]
D:\FractalDataworks\FractalDataWorks.DeveloperKit\src\FractalDataWorks.Services.Connections\FdwConnectionProvider.cs(162,54): error CS1503: Argument 1: cannot convert from 'string' to 'FractalDataWorks.Services.Connections.Abstractions.IFdwConnection' [D:\FractalDataworks\FractalDataWorks.DeveloperKit\src\FractalDataWorks.Services.Connections\FractalDataWorks.Services.Connections.csproj::TargetFramework=net10.0]
D:\FractalDataworks\FractalDataWorks.DeveloperKit\src\FractalDataWorks.Services.Connections.Http.Abstractions\HttpConnectionConfigurationBase.cs(54,69): error CS0433: The type 'ServiceLifetimes' exists in both 'FractalDataWorks.Services.Abstractions, Version=0.0.0.0, Culture=neutral, PublicKeyToken=null' and 'FractalDataWorks.Services.Connections.Abstractions, Version=0.0.0.0, Culture=neutral, PublicKeyToken=null' [D:\FractalDataworks\FractalDataWorks.DeveloperKit\src\FractalDataWorks.Services.Connections.Http.Abstractions\FractalDataWorks.Services.Connections.Http.Abstractions.csproj::TargetFramework=netstandard2.0]
D:\FractalDataworks\FractalDataWorks.DeveloperKit\src\FractalDataWorks.Services\FactoryRegistration.cs(34,54): error CS0266: Cannot implicitly convert type 'FractalDataWorks.Services.Abstractions.ServiceLifetimeBase' to 'FractalDataWorks.Services.Abstractions.IServiceLifeTime'. An explicit conversion exists (are you missing a cast?) [D:\FractalDataworks\FractalDataWorks.DeveloperKit\src\FractalDataWorks.Services\FractalDataWorks.Services.csproj::TargetFramework=net10.0]
D:\FractalDataworks\FractalDataWorks.DeveloperKit\src\FractalDataWorks.Services\Extensions\ServiceFactoryRegistrationExtensions.cs(222,46): error CS0122: 'ServiceFactoryRegistrationExtensions.RegisterFactoryWithLifetime(IServiceCollection, Type, ServiceLifetime)' is inaccessible due to its protection level [D:\FractalDataworks\FractalDataWorks.DeveloperKit\src\FractalDataWorks.Services\FractalDataWorks.Services.csproj::TargetFramework=net10.0]
D:\FractalDataworks\FractalDataWorks.DeveloperKit\src\FractalDataWorks.Services\Extensions\ServiceFactoryRegistrationExtensions.cs(230,29): error CS1501: No overload for method 'RegisterFactory' takes 3 arguments [D:\FractalDataworks\FractalDataWorks.DeveloperKit\src\FractalDataWorks.Services\FractalDataWorks.Services.csproj::TargetFramework=net10.0]
D:\FractalDataworks\FractalDataWorks.DeveloperKit\src\FractalDataWorks.Services\ServiceFactoryProvider.cs(35,71): error CS0117: 'ServiceLifetimeBase' does not contain a definition for 'Scoped' [D:\FractalDataworks\FractalDataWorks.DeveloperKit\src\FractalDataWorks.Services\FractalDataWorks.Services.csproj::TargetFramework=net10.0]
D:\FractalDataworks\FractalDataWorks.DeveloperKit\src\FractalDataWorks.Services\ServiceFactoryProvider.cs(66,28): error CS0266: Cannot implicitly convert type 'FractalDataWorks.Services.Abstractions.ServiceLifetimeBase' to 'FractalDataWorks.Services.Abstractions.IServiceLifeTime'. An explicit conversion exists (are you missing a cast?) [D:\FractalDataworks\FractalDataWorks.DeveloperKit\src\FractalDataWorks.Services\FractalDataWorks.Services.csproj::TargetFramework=net10.0]
D:\FractalDataworks\FractalDataWorks.DeveloperKit\src\FractalDataWorks.Services\ServiceFactoryProvider.cs(101,73): error CS0315: The type 'bool' cannot be used as type parameter 'TMessage' in the generic type or method 'FdwResult<IServiceFactory<TService, TConfiguration>>.Failure<TMessage>(TMessage)'. There is no boxing conversion from 'bool' to 'FractalDataWorks.Messages.IFdwMessage'. [D:\FractalDataworks\FractalDataWorks.DeveloperKit\src\FractalDataWorks.Services\FractalDataWorks.Services.csproj::TargetFramework=net10.0]
D:\FractalDataworks\FractalDataWorks.DeveloperKit\src\FractalDataWorks.Services\Extensions\ServiceFactoryRegistrationExtensions.cs(131,48): error CS0117: 'ServiceLifetime' does not contain a definition for 'Name' [D:\FractalDataworks\FractalDataWorks.DeveloperKit\src\FractalDataWorks.Services\FractalDataWorks.Services.csproj::TargetFramework=net10.0]
D:\FractalDataworks\FractalDataWorks.DeveloperKit\src\FractalDataWorks.Services\Extensions\ServiceFactoryRegistrationExtensions.cs(157,26): error CS1061: 'ServiceLifetime' does not contain a definition for 'Id' and no accessible extension method 'Id' accepting a first argument of type 'ServiceLifetime' could be found (are you missing a using directive or an assembly reference?) [D:\FractalDataworks\FractalDataWorks.DeveloperKit\src\FractalDataWorks.Services\FractalDataWorks.Services.csproj::TargetFramework=net10.0]
D:\FractalDataworks\FractalDataWorks.DeveloperKit\src\FractalDataWorks.Services.DataGateway.Abstractions\DataGatewayTypesBase.cs(14,71): error CS0246: The type or namespace name 'IServiceFactory<,>' could not be found (are you missing a using directive or an assembly reference?) [D:\FractalDataworks\FractalDataWorks.DeveloperKit\src\FractalDataWorks.Services.DataGateway.Abstractions\FractalDataWorks.Services.DataGateway.Abstractions.csproj::TargetFramework=netstandard2.0]
D:\FractalDataworks\FractalDataWorks.DeveloperKit\src\FractalDataWorks.Services.DataGateway.Abstractions\DataGatewayTypesBase.cs(15,71): error CS0246: The type or namespace name 'IServiceFactory<,>' could not be found (are you missing a using directive or an assembly reference?) [D:\FractalDataworks\FractalDataWorks.DeveloperKit\src\FractalDataWorks.Services.DataGateway.Abstractions\FractalDataWorks.Services.DataGateway.Abstractions.csproj::TargetFramework=netstandard2.0]
D:\FractalDataworks\FractalDataWorks.DeveloperKit\src\FractalDataWorks.Services.DataGateway.Abstractions\DataGatewayTypesBase.cs(18,9): error CS0246: The type or namespace name 'IServiceFactory<,>' could not be found (are you missing a using directive or an assembly reference?) [D:\FractalDataworks\FractalDataWorks.DeveloperKit\src\FractalDataWorks.Services.DataGateway.Abstractions\FractalDataWorks.Services.DataGateway.Abstractions.csproj::TargetFramework=netstandard2.0]
D:\FractalDataworks\FractalDataWorks.DeveloperKit\src\FractalDataWorks.Services.DataGateway.Abstractions\Configuration\DataStoreConfiguration.cs(48,26): error CS0234: The type or namespace name 'DataStoreTypes' does not exist in the namespace 'FractalDataWorks.EnhancedEnums' (are you missing an assembly reference?) [D:\FractalDataworks\FractalDataWorks.DeveloperKit\src\FractalDataWorks.Services.DataGateway.Abstractions\FractalDataWorks.Services.DataGateway.Abstractions.csproj::TargetFramework=netstandard2.0]
D:\FractalDataworks\FractalDataWorks.DeveloperKit\src\FractalDataWorks.Services.DataGateway.Abstractions\IDataGateway.cs(184,12): error CS0246: The type or namespace name 'Dictionary<,>' could not be found (are you missing a using directive or an assembly reference?) [D:\FractalDataworks\FractalDataWorks.DeveloperKit\src\FractalDataWorks.Services.DataGateway.Abstractions\FractalDataWorks.Services.DataGateway.Abstractions.csproj::TargetFramework=netstandard2.0]
D:\FractalDataworks\FractalDataWorks.DeveloperKit\src\FractalDataWorks.Services.DataGateway.Abstractions\IDataGateway.cs(144,12): error CS0246: The type or namespace name 'Dictionary<,>' could not be found (are you missing a using directive or an assembly reference?) [D:\FractalDataworks\FractalDataWorks.DeveloperKit\src\FractalDataWorks.Services.DataGateway.Abstractions\FractalDataWorks.Services.DataGateway.Abstractions.csproj::TargetFramework=netstandard2.0]
D:\FractalDataworks\FractalDataWorks.DeveloperKit\src\FractalDataWorks.Services.DataGateway.Abstractions\IDataGatewayType.cs(19,63): error CS0246: The type or namespace name 'IFdwConfiguration' could not be found (are you missing a using directive or an assembly reference?) [D:\FractalDataworks\FractalDataWorks.DeveloperKit\src\FractalDataWorks.Services.DataGateway.Abstractions\FractalDataWorks.Services.DataGateway.Abstractions.csproj::TargetFramework=netstandard2.0]
D:\FractalDataworks\FractalDataWorks.DeveloperKit\src\FractalDataWorks.Services.DataGateway.Abstractions\Commands\DataQueryCommand.cs(19,40): error CS0535: 'DataQueryCommand' does not implement interface member 'ICommand.Validate()' [D:\FractalDataworks\FractalDataWorks.DeveloperKit\src\FractalDataWorks.Services.DataGateway.Abstractions\FractalDataWorks.Services.DataGateway.Abstractions.csproj::TargetFramework=netstandard2.0]
D:\FractalDataworks\FractalDataWorks.DeveloperKit\src\FractalDataWorks.Services.DataGateway.Abstractions\Commands\DataQueryCommand.cs(19,40): error CS0738: 'DataQueryCommand' does not implement interface member 'ICommand.CommandId'. 'DataQueryCommand.CommandId' cannot implement 'ICommand.CommandId' because it does not have the matching return type of 'Guid'. [D:\FractalDataworks\FractalDataWorks.DeveloperKit\src\FractalDataWorks.Services.DataGateway.Abstractions\FractalDataWorks.Services.DataGateway.Abstractions.csproj::TargetFramework=netstandard2.0]
D:\FractalDataworks\FractalDataWorks.DeveloperKit\src\FractalDataWorks.Services.DataGateway.Abstractions\Commands\DataQueryCommand.cs(19,40): error CS0535: 'DataQueryCommand' does not implement interface member 'ICommand.CorrelationId' [D:\FractalDataworks\FractalDataWorks.DeveloperKit\src\FractalDataWorks.Services.DataGateway.Abstractions\FractalDataWorks.Services.DataGateway.Abstractions.csproj::TargetFramework=netstandard2.0]
D:\FractalDataworks\FractalDataWorks.DeveloperKit\src\FractalDataWorks.Services.DataGateway.Abstractions\Commands\DataQueryCommand.cs(19,40): error CS0535: 'DataQueryCommand' does not implement interface member 'ICommand.Timestamp' [D:\FractalDataworks\FractalDataWorks.DeveloperKit\src\FractalDataWorks.Services.DataGateway.Abstractions\FractalDataWorks.Services.DataGateway.Abstractions.csproj::TargetFramework=netstandard2.0]
D:\FractalDataworks\FractalDataWorks.DeveloperKit\src\FractalDataWorks.Services.DataGateway.Abstractions\Commands\DataQueryCommand.cs(19,40): error CS0535: 'DataQueryCommand' does not implement interface member 'ICommand.Configuration' [D:\FractalDataworks\FractalDataWorks.DeveloperKit\src\FractalDataWorks.Services.DataGateway.Abstractions\FractalDataWorks.Services.DataGateway.Abstractions.csproj::TargetFramework=netstandard2.0]
D:\FractalDataworks\FractalDataWorks.DeveloperKit\src\FractalDataWorks.Services.DataGateway.Abstractions\Commands\DataQueryCommand.cs(211,12): error CS0246: The type or namespace name 'Dictionary<,>' could not be found (are you missing a using directive or an assembly reference?) [D:\FractalDataworks\FractalDataWorks.DeveloperKit\src\FractalDataWorks.Services.DataGateway.Abstractions\FractalDataWorks.Services.DataGateway.Abstractions.csproj::TargetFramework=netstandard2.0]
D:\FractalDataworks\FractalDataWorks.DeveloperKit\src\FractalDataWorks.DataContainers.Abstractions\DataContainerTypeBase.cs(187,30): error CS0266: Cannot implicitly convert type 'System.Collections.Generic.IDictionary<string, object>' to 'System.Collections.Generic.IReadOnlyDictionary<string, object>'. An explicit conversion exists (are you missing a cast?) [D:\FractalDataworks\FractalDataWorks.DeveloperKit\src\FractalDataWorks.DataContainers.Abstractions\FractalDataWorks.DataContainers.Abstractions.csproj::TargetFramework=netstandard2.0]
D:\FractalDataworks\FractalDataWorks.DeveloperKit\src\FractalDataWorks.DataStores\DataStoreTypes.cs(24,39): error CS0103: The name 'All' does not exist in the current context [D:\FractalDataworks\FractalDataWorks.DeveloperKit\src\FractalDataWorks.DataStores\FractalDataWorks.DataStores.csproj::TargetFramework=net10.0]
D:\FractalDataworks\FractalDataWorks.DeveloperKit\src\FractalDataWorks.DataStores\DataStoreTypes.cs(41,39): error CS0103: The name 'All' does not exist in the current context [D:\FractalDataworks\FractalDataWorks.DeveloperKit\src\FractalDataWorks.DataStores\FractalDataWorks.DataStores.csproj::TargetFramework=net10.0]
D:\FractalDataworks\FractalDataWorks.DeveloperKit\src\FractalDataWorks.Services.Connections\ConnectionTypes.cs(25,40): error CS0103: The name 'All' does not exist in the current context [D:\FractalDataworks\FractalDataWorks.DeveloperKit\src\FractalDataWorks.Services.Connections\FractalDataWorks.Services.Connections.csproj::TargetFramework=net10.0]
D:\FractalDataworks\FractalDataWorks.DeveloperKit\src\FractalDataWorks.Services.Connections\ConnectionServiceExtensions.cs(25,56): error CS0117: 'ConnectionTypes' does not contain a definition for 'All' [D:\FractalDataworks\FractalDataWorks.DeveloperKit\src\FractalDataWorks.Services.Connections\FractalDataWorks.Services.Connections.csproj::TargetFramework=net10.0]
D:\FractalDataworks\FractalDataWorks.DeveloperKit\src\FractalDataWorks.Services.Connections\ConnectionTypes.cs(42,40): error CS0103: The name 'All' does not exist in the current context [D:\FractalDataworks\FractalDataWorks.DeveloperKit\src\FractalDataWorks.Services.Connections\FractalDataWorks.Services.Connections.csproj::TargetFramework=net10.0]
D:\FractalDataworks\FractalDataWorks.DeveloperKit\src\FractalDataWorks.Services.Connections\FdwConnectionProvider.cs(47,54): error CS1503: Argument 1: cannot convert from 'string' to 'FractalDataWorks.Services.Connections.Abstractions.IFdwConnection' [D:\FractalDataworks\FractalDataWorks.DeveloperKit\src\FractalDataWorks.Services.Connections\FractalDataWorks.Services.Connections.csproj::TargetFramework=net10.0]
D:\FractalDataworks\FractalDataWorks.DeveloperKit\src\FractalDataWorks.Services.Connections\FdwConnectionProvider.cs(56,50): error CS0117: 'ConnectionTypes' does not contain a definition for 'Name' [D:\FractalDataworks\FractalDataWorks.DeveloperKit\src\FractalDataWorks.Services.Connections\FractalDataWorks.Services.Connections.csproj::TargetFramework=net10.0]
D:\FractalDataworks\FractalDataWorks.DeveloperKit\src\FractalDataWorks.Services.Connections\FdwConnectionProvider.cs(61,21): error CS1503: Argument 1: cannot convert from 'string' to 'FractalDataWorks.Services.Connections.Abstractions.IFdwConnection' [D:\FractalDataworks\FractalDataWorks.DeveloperKit\src\FractalDataWorks.Services.Connections\FractalDataWorks.Services.Connections.csproj::TargetFramework=net10.0]
D:\FractalDataworks\FractalDataWorks.DeveloperKit\src\FractalDataWorks.Services.Connections\FdwConnectionProvider.cs(70,21): error CS1503: Argument 1: cannot convert from 'string' to 'FractalDataWorks.Services.Connections.Abstractions.IFdwConnection' [D:\FractalDataworks\FractalDataWorks.DeveloperKit\src\FractalDataWorks.Services.Connections\FractalDataWorks.Services.Connections.csproj::TargetFramework=net10.0]
D:\FractalDataworks\FractalDataWorks.DeveloperKit\src\FractalDataWorks.Services.Connections\FdwConnectionProvider.cs(82,106): error CS1503: Argument 3: cannot convert from 'bool' to 'string' [D:\FractalDataworks\FractalDataWorks.DeveloperKit\src\FractalDataWorks.Services.Connections\FractalDataWorks.Services.Connections.csproj::TargetFramework=net10.0]
D:\FractalDataworks\FractalDataWorks.DeveloperKit\src\FractalDataWorks.Services.Connections\FdwConnectionProvider.cs(90,54): error CS1503: Argument 1: cannot convert from 'string' to 'FractalDataWorks.Services.Connections.Abstractions.IFdwConnection' [D:\FractalDataworks\FractalDataWorks.DeveloperKit\src\FractalDataWorks.Services.Connections\FractalDataWorks.Services.Connections.csproj::TargetFramework=net10.0]
D:\FractalDataworks\FractalDataWorks.DeveloperKit\src\FractalDataWorks.Services.Connections\FdwConnectionProvider.cs(105,50): error CS1503: Argument 1: cannot convert from 'string' to 'FractalDataWorks.Services.Connections.Abstractions.IFdwConnection' [D:\FractalDataworks\FractalDataWorks.DeveloperKit\src\FractalDataWorks.Services.Connections\FractalDataWorks.Services.Connections.csproj::TargetFramework=net10.0]
D:\FractalDataworks\FractalDataWorks.DeveloperKit\src\FractalDataWorks.Services.Connections\FdwConnectionProvider.cs(117,54): error CS1503: Argument 1: cannot convert from 'string' to 'FractalDataWorks.Services.Connections.Abstractions.IFdwConnection' [D:\FractalDataworks\FractalDataWorks.DeveloperKit\src\FractalDataWorks.Services.Connections\FractalDataWorks.Services.Connections.csproj::TargetFramework=net10.0]
D:\FractalDataworks\FractalDataWorks.DeveloperKit\src\FractalDataWorks.Services.Connections\FdwConnectionProvider.cs(129,58): error CS1503: Argument 1: cannot convert from 'string' to 'FractalDataWorks.Services.Connections.Abstractions.IFdwConnection' [D:\FractalDataworks\FractalDataWorks.DeveloperKit\src\FractalDataWorks.Services.Connections\FractalDataWorks.Services.Connections.csproj::TargetFramework=net10.0]
D:\FractalDataworks\FractalDataWorks.DeveloperKit\src\FractalDataWorks.Services.Connections\FdwConnectionProvider.cs(137,58): error CS1503: Argument 1: cannot convert from 'string' to 'FractalDataWorks.Services.Connections.Abstractions.IFdwConnection' [D:\FractalDataworks\FractalDataWorks.DeveloperKit\src\FractalDataWorks.Services.Connections\FractalDataWorks.Services.Connections.csproj::TargetFramework=net10.0]
D:\FractalDataworks\FractalDataWorks.DeveloperKit\src\FractalDataWorks.Services.Connections\FdwConnectionProvider.cs(141,50): error CS0117: 'ConnectionTypes' does not contain a definition for 'Name' [D:\FractalDataworks\FractalDataWorks.DeveloperKit\src\FractalDataWorks.Services.Connections\FractalDataWorks.Services.Connections.csproj::TargetFramework=net10.0]
D:\FractalDataworks\FractalDataWorks.DeveloperKit\src\FractalDataWorks.Services.Connections\FdwConnectionProvider.cs(145,58): error CS1503: Argument 1: cannot convert from 'string' to 'FractalDataWorks.Services.Connections.Abstractions.IFdwConnection' [D:\FractalDataworks\FractalDataWorks.DeveloperKit\src\FractalDataWorks.Services.Connections\FractalDataWorks.Services.Connections.csproj::TargetFramework=net10.0]
D:\FractalDataworks\FractalDataWorks.DeveloperKit\src\FractalDataWorks.Services.Connections\FdwConnectionProvider.cs(149,34): error CS1061: 'IConfigurationSection' does not contain a definition for 'Get' and no accessible extension method 'Get' accepting a first argument of type 'IConfigurationSection' could be found (are you missing a using directive or an assembly reference?) [D:\FractalDataworks\FractalDataWorks.DeveloperKit\src\FractalDataWorks.Services.Connections\FractalDataWorks.Services.Connections.csproj::TargetFramework=net10.0]
D:\FractalDataworks\FractalDataWorks.DeveloperKit\src\FractalDataWorks.Services.Connections\FdwConnectionProvider.cs(162,54): error CS1503: Argument 1: cannot convert from 'string' to 'FractalDataWorks.Services.Connections.Abstractions.IFdwConnection' [D:\FractalDataworks\FractalDataWorks.DeveloperKit\src\FractalDataWorks.Services.Connections\FractalDataWorks.Services.Connections.csproj::TargetFramework=net10.0]
D:\FractalDataworks\FractalDataWorks.DeveloperKit\src\FractalDataWorks.Services.Connections.Http.Abstractions\HttpConnectionConfigurationBase.cs(54,69): error CS0433: The type 'ServiceLifetimes' exists in both 'FractalDataWorks.Services.Abstractions, Version=0.0.0.0, Culture=neutral, PublicKeyToken=null' and 'FractalDataWorks.Services.Connections.Abstractions, Version=0.0.0.0, Culture=neutral, PublicKeyToken=null' [D:\FractalDataworks\FractalDataWorks.DeveloperKit\src\FractalDataWorks.Services.Connections.Http.Abstractions\FractalDataWorks.Services.Connections.Http.Abstractions.csproj::TargetFramework=netstandard2.0]
D:\FractalDataworks\FractalDataWorks.DeveloperKit\src\FractalDataWorks.Services\FactoryRegistration.cs(34,54): error CS0266: Cannot implicitly convert type 'FractalDataWorks.Services.Abstractions.ServiceLifetimeBase' to 'FractalDataWorks.Services.Abstractions.IServiceLifeTime'. An explicit conversion exists (are you missing a cast?) [D:\FractalDataworks\FractalDataWorks.DeveloperKit\src\FractalDataWorks.Services\FractalDataWorks.Services.csproj::TargetFramework=net10.0]
D:\FractalDataworks\FractalDataWorks.DeveloperKit\src\FractalDataWorks.Services\Extensions\ServiceFactoryRegistrationExtensions.cs(222,46): error CS0122: 'ServiceFactoryRegistrationExtensions.RegisterFactoryWithLifetime(IServiceCollection, Type, ServiceLifetime)' is inaccessible due to its protection level [D:\FractalDataworks\FractalDataWorks.DeveloperKit\src\FractalDataWorks.Services\FractalDataWorks.Services.csproj::TargetFramework=net10.0]
D:\FractalDataworks\FractalDataWorks.DeveloperKit\src\FractalDataWorks.Services\Extensions\ServiceFactoryRegistrationExtensions.cs(230,29): error CS1501: No overload for method 'RegisterFactory' takes 3 arguments [D:\FractalDataworks\FractalDataWorks.DeveloperKit\src\FractalDataWorks.Services\FractalDataWorks.Services.csproj::TargetFramework=net10.0]
D:\FractalDataworks\FractalDataWorks.DeveloperKit\src\FractalDataWorks.Services\ServiceFactoryProvider.cs(35,71): error CS0117: 'ServiceLifetimeBase' does not contain a definition for 'Scoped' [D:\FractalDataworks\FractalDataWorks.DeveloperKit\src\FractalDataWorks.Services\FractalDataWorks.Services.csproj::TargetFramework=net10.0]
D:\FractalDataworks\FractalDataWorks.DeveloperKit\src\FractalDataWorks.Services\ServiceFactoryProvider.cs(66,28): error CS0266: Cannot implicitly convert type 'FractalDataWorks.Services.Abstractions.ServiceLifetimeBase' to 'FractalDataWorks.Services.Abstractions.IServiceLifeTime'. An explicit conversion exists (are you missing a cast?) [D:\FractalDataworks\FractalDataWorks.DeveloperKit\src\FractalDataWorks.Services\FractalDataWorks.Services.csproj::TargetFramework=net10.0]
D:\FractalDataworks\FractalDataWorks.DeveloperKit\src\FractalDataWorks.Services\ServiceFactoryProvider.cs(101,73): error CS0315: The type 'bool' cannot be used as type parameter 'TMessage' in the generic type or method 'FdwResult<IServiceFactory<TService, TConfiguration>>.Failure<TMessage>(TMessage)'. There is no boxing conversion from 'bool' to 'FractalDataWorks.Messages.IFdwMessage'. [D:\FractalDataworks\FractalDataWorks.DeveloperKit\src\FractalDataWorks.Services\FractalDataWorks.Services.csproj::TargetFramework=net10.0]
D:\FractalDataworks\FractalDataWorks.DeveloperKit\src\FractalDataWorks.Services\Extensions\ServiceFactoryRegistrationExtensions.cs(131,48): error CS0117: 'ServiceLifetime' does not contain a definition for 'Name' [D:\FractalDataworks\FractalDataWorks.DeveloperKit\src\FractalDataWorks.Services\FractalDataWorks.Services.csproj::TargetFramework=net10.0]
D:\FractalDataworks\FractalDataWorks.DeveloperKit\src\FractalDataWorks.Services\Extensions\ServiceFactoryRegistrationExtensions.cs(157,26): error CS1061: 'ServiceLifetime' does not contain a definition for 'Id' and no accessible extension method 'Id' accepting a first argument of type 'ServiceLifetime' could be found (are you missing a using directive or an assembly reference?) [D:\FractalDataworks\FractalDataWorks.DeveloperKit\src\FractalDataWorks.Services\FractalDataWorks.Services.csproj::TargetFramework=net10.0]
D:\FractalDataworks\FractalDataWorks.DeveloperKit\src\FractalDataWorks.Services.DataGateway.Abstractions\DataGatewayTypesBase.cs(14,71): error CS0246: The type or namespace name 'IServiceFactory<,>' could not be found (are you missing a using directive or an assembly reference?) [D:\FractalDataworks\FractalDataWorks.DeveloperKit\src\FractalDataWorks.Services.DataGateway.Abstractions\FractalDataWorks.Services.DataGateway.Abstractions.csproj::TargetFramework=netstandard2.0]
D:\FractalDataworks\FractalDataWorks.DeveloperKit\src\FractalDataWorks.Services.DataGateway.Abstractions\DataGatewayTypesBase.cs(15,71): error CS0246: The type or namespace name 'IServiceFactory<,>' could not be found (are you missing a using directive or an assembly reference?) [D:\FractalDataworks\FractalDataWorks.DeveloperKit\src\FractalDataWorks.Services.DataGateway.Abstractions\FractalDataWorks.Services.DataGateway.Abstractions.csproj::TargetFramework=netstandard2.0]
D:\FractalDataworks\FractalDataWorks.DeveloperKit\src\FractalDataWorks.Services.DataGateway.Abstractions\DataGatewayTypesBase.cs(18,9): error CS0246: The type or namespace name 'IServiceFactory<,>' could not be found (are you missing a using directive or an assembly reference?) [D:\FractalDataworks\FractalDataWorks.DeveloperKit\src\FractalDataWorks.Services.DataGateway.Abstractions\FractalDataWorks.Services.DataGateway.Abstractions.csproj::TargetFramework=netstandard2.0]
D:\FractalDataworks\FractalDataWorks.DeveloperKit\src\FractalDataWorks.Services.DataGateway.Abstractions\Configuration\DataStoreConfiguration.cs(48,26): error CS0234: The type or namespace name 'DataStoreTypes' does not exist in the namespace 'FractalDataWorks.EnhancedEnums' (are you missing an assembly reference?) [D:\FractalDataworks\FractalDataWorks.DeveloperKit\src\FractalDataWorks.Services.DataGateway.Abstractions\FractalDataWorks.Services.DataGateway.Abstractions.csproj::TargetFramework=netstandard2.0]
D:\FractalDataworks\FractalDataWorks.DeveloperKit\src\FractalDataWorks.Services.DataGateway.Abstractions\IDataGateway.cs(184,12): error CS0246: The type or namespace name 'Dictionary<,>' could not be found (are you missing a using directive or an assembly reference?) [D:\FractalDataworks\FractalDataWorks.DeveloperKit\src\FractalDataWorks.Services.DataGateway.Abstractions\FractalDataWorks.Services.DataGateway.Abstractions.csproj::TargetFramework=netstandard2.0]
D:\FractalDataworks\FractalDataWorks.DeveloperKit\src\FractalDataWorks.Services.DataGateway.Abstractions\IDataGateway.cs(144,12): error CS0246: The type or namespace name 'Dictionary<,>' could not be found (are you missing a using directive or an assembly reference?) [D:\FractalDataworks\FractalDataWorks.DeveloperKit\src\FractalDataWorks.Services.DataGateway.Abstractions\FractalDataWorks.Services.DataGateway.Abstractions.csproj::TargetFramework=netstandard2.0]
D:\FractalDataworks\FractalDataWorks.DeveloperKit\src\FractalDataWorks.Services.DataGateway.Abstractions\IDataGatewayType.cs(19,63): error CS0246: The type or namespace name 'IFdwConfiguration' could not be found (are you missing a using directive or an assembly reference?) [D:\FractalDataworks\FractalDataWorks.DeveloperKit\src\FractalDataWorks.Services.DataGateway.Abstractions\FractalDataWorks.Services.DataGateway.Abstractions.csproj::TargetFramework=netstandard2.0]
D:\FractalDataworks\FractalDataWorks.DeveloperKit\src\FractalDataWorks.Services.DataGateway.Abstractions\Commands\DataQueryCommand.cs(19,40): error CS0535: 'DataQueryCommand' does not implement interface member 'ICommand.Validate()' [D:\FractalDataworks\FractalDataWorks.DeveloperKit\src\FractalDataWorks.Services.DataGateway.Abstractions\FractalDataWorks.Services.DataGateway.Abstractions.csproj::TargetFramework=netstandard2.0]
D:\FractalDataworks\FractalDataWorks.DeveloperKit\src\FractalDataWorks.Services.DataGateway.Abstractions\Commands\DataQueryCommand.cs(19,40): error CS0738: 'DataQueryCommand' does not implement interface member 'ICommand.CommandId'. 'DataQueryCommand.CommandId' cannot implement 'ICommand.CommandId' because it does not have the matching return type of 'Guid'. [D:\FractalDataworks\FractalDataWorks.DeveloperKit\src\FractalDataWorks.Services.DataGateway.Abstractions\FractalDataWorks.Services.DataGateway.Abstractions.csproj::TargetFramework=netstandard2.0]
D:\FractalDataworks\FractalDataWorks.DeveloperKit\src\FractalDataWorks.Services.DataGateway.Abstractions\Commands\DataQueryCommand.cs(19,40): error CS0535: 'DataQueryCommand' does not implement interface member 'ICommand.CorrelationId' [D:\FractalDataworks\FractalDataWorks.DeveloperKit\src\FractalDataWorks.Services.DataGateway.Abstractions\FractalDataWorks.Services.DataGateway.Abstractions.csproj::TargetFramework=netstandard2.0]
D:\FractalDataworks\FractalDataWorks.DeveloperKit\src\FractalDataWorks.Services.DataGateway.Abstractions\Commands\DataQueryCommand.cs(19,40): error CS0535: 'DataQueryCommand' does not implement interface member 'ICommand.Timestamp' [D:\FractalDataworks\FractalDataWorks.DeveloperKit\src\FractalDataWorks.Services.DataGateway.Abstractions\FractalDataWorks.Services.DataGateway.Abstractions.csproj::TargetFramework=netstandard2.0]
D:\FractalDataworks\FractalDataWorks.DeveloperKit\src\FractalDataWorks.Services.DataGateway.Abstractions\Commands\DataQueryCommand.cs(19,40): error CS0535: 'DataQueryCommand' does not implement interface member 'ICommand.Configuration' [D:\FractalDataworks\FractalDataWorks.DeveloperKit\src\FractalDataWorks.Services.DataGateway.Abstractions\FractalDataWorks.Services.DataGateway.Abstractions.csproj::TargetFramework=netstandard2.0]
D:\FractalDataworks\FractalDataWorks.DeveloperKit\src\FractalDataWorks.Services.DataGateway.Abstractions\Commands\DataQueryCommand.cs(211,12): error CS0246: The type or namespace name 'Dictionary<,>' could not be found (are you missing a using directive or an assembly reference?) [D:\FractalDataworks\FractalDataWorks.DeveloperKit\src\FractalDataWorks.Services.DataGateway.Abstractions\FractalDataWorks.Services.DataGateway.Abstractions.csproj::TargetFramework=netstandard2.0]
